{"elapsed_seconds": 34.681933691725135, "epoch": 1, "global_step": 20, "gradient_norm": 4.442174911499023, "learning_rate": 0.00029999480201911696, "loss": 5.586505722999573, "seen_sequence_tokens": 368962, "seen_supervised_tokens": 198999, "supervised_tokens_per_second_since_last_log": 244361.39526469517}
{"elapsed_seconds": 35.3267354555428, "epoch": 1, "global_step": 40, "gradient_norm": 1.535786747932434, "learning_rate": 0.0002977141557272203, "loss": 2.9365985870361326, "seen_sequence_tokens": 737762, "seen_supervised_tokens": 397943, "supervised_tokens_per_second_since_last_log": 308535.1361666806}
{"elapsed_seconds": 36.00565633177757, "epoch": 1, "global_step": 60, "gradient_norm": 1.1020734310150146, "learning_rate": 0.00029135599181658327, "loss": 1.7764572262763978, "seen_sequence_tokens": 1106486, "seen_supervised_tokens": 597178, "supervised_tokens_per_second_since_last_log": 293458.34982264537}
{"elapsed_seconds": 36.625837999396026, "epoch": 1, "global_step": 80, "gradient_norm": 1.3284271955490112, "learning_rate": 0.00028111565889358766, "loss": 1.27796972990036, "seen_sequence_tokens": 1474724, "seen_supervised_tokens": 796098, "supervised_tokens_per_second_since_last_log": 320744.72753099666}
{"elapsed_seconds": 37.262350293807685, "epoch": 1, "global_step": 100, "gradient_norm": 1.3769429922103882, "learning_rate": 0.0002673077815563894, "loss": 0.9868542969226837, "seen_sequence_tokens": 1842738, "seen_supervised_tokens": 994711, "supervised_tokens_per_second_since_last_log": 312033.25017246034}
{"elapsed_seconds": 37.90568565391004, "epoch": 1, "global_step": 120, "gradient_norm": 1.6262184381484985, "learning_rate": 0.00025035659385004073, "loss": 0.7873226195573807, "seen_sequence_tokens": 2210724, "seen_supervised_tokens": 1193258, "supervised_tokens_per_second_since_last_log": 308621.3075065716}
{"elapsed_seconds": 38.55789431463927, "epoch": 1, "global_step": 140, "gradient_norm": 1.177610158920288, "learning_rate": 0.0002307829050744423, "loss": 0.6509998440742493, "seen_sequence_tokens": 2579536, "seen_supervised_tokens": 1392446, "supervised_tokens_per_second_since_last_log": 305405.328069838}
{"elapsed_seconds": 39.18818501010537, "epoch": 1, "global_step": 160, "gradient_norm": 0.9130371809005737, "learning_rate": 0.00020918809840841864, "loss": 0.5629107713699341, "seen_sequence_tokens": 2947389, "seen_supervised_tokens": 1590820, "supervised_tokens_per_second_since_last_log": 314734.1400197921}
{"elapsed_seconds": 39.828521048650146, "epoch": 1, "global_step": 180, "gradient_norm": 0.8989542126655579, "learning_rate": 0.00018623565397714184, "loss": 0.5143544927239418, "seen_sequence_tokens": 3315502, "seen_supervised_tokens": 1789250, "supervised_tokens_per_second_since_last_log": 309884.16714909795}
{"elapsed_seconds": 40.46096048131585, "epoch": 1, "global_step": 200, "gradient_norm": 0.5912187695503235, "learning_rate": 0.00016263076404928026, "loss": 0.48229720890522004, "seen_sequence_tokens": 3683436, "seen_supervised_tokens": 1987820, "supervised_tokens_per_second_since_last_log": 313974.7298220096}
{"elapsed_seconds": 41.11225700099021, "epoch": 1, "global_step": 220, "gradient_norm": 0.5503879189491272, "learning_rate": 0.00013909866666776823, "loss": 0.462795290350914, "seen_sequence_tokens": 4051976, "seen_supervised_tokens": 2186636, "supervised_tokens_per_second_since_last_log": 305261.8799489444}
{"elapsed_seconds": 41.760094021447, "epoch": 1, "global_step": 240, "gradient_norm": 0.6379155516624451, "learning_rate": 0.00011636236339301386, "loss": 0.45116227567195893, "seen_sequence_tokens": 4420904, "seen_supervised_tokens": 2385950, "supervised_tokens_per_second_since_last_log": 307660.7135842027}
{"elapsed_seconds": 42.40078472997993, "epoch": 1, "global_step": 260, "gradient_norm": 0.5602816343307495, "learning_rate": 9.51204057599295e-05, "loss": 0.44249638020992277, "seen_sequence_tokens": 4789096, "seen_supervised_tokens": 2584523, "supervised_tokens_per_second_since_last_log": 309935.819819672}
{"elapsed_seconds": 43.040777754969895, "epoch": 1, "global_step": 280, "gradient_norm": 0.5223369002342224, "learning_rate": 7.602543293900014e-05, "loss": 0.435957545042038, "seen_sequence_tokens": 5157687, "seen_supervised_tokens": 2783807, "supervised_tokens_per_second_since_last_log": 311384.64361096045}
{"elapsed_seconds": 43.67769696563482, "epoch": 1, "global_step": 300, "gradient_norm": 0.6006808280944824, "learning_rate": 5.966412001156936e-05, "loss": 0.43121365904808046, "seen_sequence_tokens": 5525994, "seen_supervised_tokens": 2982843, "supervised_tokens_per_second_since_last_log": 312498.0321950273}
{"elapsed_seconds": 44.31580939050764, "epoch": 1, "global_step": 320, "gradient_norm": 0.4515318274497986, "learning_rate": 4.65391529297254e-05, "loss": 0.4282741561532021, "seen_sequence_tokens": 5894183, "seen_supervised_tokens": 3181511, "supervised_tokens_per_second_since_last_log": 311336.98742756376}
{"elapsed_seconds": 44.95806681457907, "epoch": 1, "global_step": 340, "gradient_norm": 0.4294087886810303, "learning_rate": 3.7053783963193054e-05, "loss": 0.4226003661751747, "seen_sequence_tokens": 6262533, "seen_supervised_tokens": 3380634, "supervised_tokens_per_second_since_last_log": 310036.12031093275}
{"elapsed_seconds": 45.5863965107128, "epoch": 1, "global_step": 360, "gradient_norm": 0.37742167711257935, "learning_rate": 3.14994421525999e-05, "loss": 0.4214225962758064, "seen_sequence_tokens": 6630835, "seen_supervised_tokens": 3579653, "supervised_tokens_per_second_since_last_log": 316742.94757133536}
{"elapsed_seconds": 46.11197497788817, "epoch": 1, "global_step": 377, "gradient_norm": 0.4639497399330139, "learning_rate": 3e-05, "loss": 0.4205687484320472, "seen_sequence_tokens": 6939466, "seen_supervised_tokens": 3746067, "supervised_tokens_per_second_since_last_log": 316630.1711224298}
{"epoch": 1, "event": "validation", "global_step": 377, "validation_loss": 0.41560729099468474, "validation_perplexity": 1.5152906837137678, "validation_record_count": 24040, "validation_supervised_tokens": 468381}
{
  "completed_at": "2026-10-06T03:07:41Z",
  "config_path": "data/models/architecture_ablation_run_20261006/15m_layers_6_seed20260925/config.yaml",
  "configured_optimizer_steps": 377,
  "dataset": {
    "archive_sha256_after": "799e6dd8be7e80e48df69fed4f70f5922f7a215a8669cf0f523f3de59ae91807",
    "archive_sha256_before": "799e6dd8be7e80e48df69fed4f70f5922f7a215a8669cf0f523f3de59ae91807",
    "archive_unchanged": true,
    "maximum_sequence_length": 94,
    "minimum_sequence_length": 18,
    "record_count": 192900,
    "sequence_token_count_all_epochs": 6939466,
    "sequence_token_count_per_epoch": 6939466,
    "supervised_token_count_all_epochs": 3746067,
    "supervised_token_count_per_epoch": 3746067,
    "unknown_token_count": 0
  },
  "device": "cuda",
  "dtype": "bfloat16",
  "effective_batch_size": 512,
  "effective_optimizer_steps": 377,
  "elapsed_seconds": 46.69869295414537,
  "epochs": 1,
  "global_step": 377,
  "gradient_accumulation_steps": 1,
  "loss_scope": "code_and_eos_only",
  "max_steps_override": null,
  "micro_batch_size": 512,
  "model_config": {
    "context_length": 256,
    "d_ff": 1024,
    "d_model": 384,
    "dropout": 0.0,
    "n_heads": 6,
    "n_layers": 6,
    "rms_norm_eps": 1e-05,
    "rope_base": 10000.0,
    "tie_word_embeddings": false,
    "vocab_size": 2048
  },
  "model_path": "data/models/architecture_ablation_run_20261006/15m_layers_6_seed20260925/model/model.safetensors",
  "model_sha256": "e155006401527bc911b876381b8c23169b594b9837f00422cd196ec782bc2ccf",
  "parameter_count": 12194688,
  "resume_from": null,
  "seed": 20260925,
  "seen_sequence_tokens": 6939466,
  "seen_supervised_tokens": 3746067,
  "source_archive": "data/archives/final_train_dataset_records_2026-09-25.zip",
  "source_archive_sha256": "799e6dd8be7e80e48df69fed4f70f5922f7a215a8669cf0f523f3de59ae91807",
  "started_at": "2026-10-06T03:06:55Z",
  "status": "completed",
  "tokenizer_path": "data/tokenizers/bpe_2048/tokenizer.json",
  "tokenizer_sha256": "6840a392e8fcae1083be06842774fa912a1797217c7033944ba2d87f1c227293",
  "trainer_version": "1",
  "validation_archive": "data/archives/final_evaluation_dataset_records_2026-09-25.zip",
  "validation_archive_sha256": "5b05b76202920f532cb379481d1cfab4adad74e936bdff518cb8b1750b33f0a1",
  "validation_dataset": {
    "archive_sha256_after": "5b05b76202920f532cb379481d1cfab4adad74e936bdff518cb8b1750b33f0a1",
    "archive_sha256_before": "5b05b76202920f532cb379481d1cfab4adad74e936bdff518cb8b1750b33f0a1",
    "archive_unchanged": true,
    "maximum_sequence_length": 50,
    "minimum_sequence_length": 22,
    "record_count": 24040,
    "sequence_token_count_all_epochs": 851974,
    "sequence_token_count_per_epoch": 851974,
    "supervised_token_count_all_epochs": 468381,
    "supervised_token_count_per_epoch": 468381,
    "unknown_token_count": 0
  },
  "validation_every_steps": null,
  "versions": {
    "numpy": "2.5.3",
    "python": "3.12.12",
    "pyyaml": "6.0.3",
    "safetensors": "0.8.0",
    "tokenizers": "0.21.4",
    "torch": "2.13.0+cu130"
  }
}
