nohup: ignoring input
/home/ono_yusuke/git_project/bokunano/.venv/lib/python3.12/site-packages/torch/_subclasses/functional_tensor.py:368: UserWarning: Failed to initialize NumPy: No module named 'numpy' (Triggered internally at /__w/pytorch/pytorch/torch/csrc/utils/tensor_numpy.cpp:84.)
  cpu = _conversion_method_template(device=torch.device("cpu"))
{"elapsed_seconds": 34.37513253837824, "epoch": 1, "global_step": 20, "gradient_norm": 5.927276611328125, "learning_rate": 0.00010526315789473683, "loss": 6.150181245803833, "seen_sequence_tokens": 368962, "seen_supervised_tokens": 198999, "supervised_tokens_per_second_since_last_log": 204300.8216439413}
{"elapsed_seconds": 35.16484506241977, "epoch": 1, "global_step": 40, "gradient_norm": 2.8873238563537598, "learning_rate": 0.00021052631578947367, "loss": 3.95274338722229, "seen_sequence_tokens": 737762, "seen_supervised_tokens": 397943, "supervised_tokens_per_second_since_last_log": 251919.52000692458}
{"elapsed_seconds": 35.99966192804277, "epoch": 1, "global_step": 60, "gradient_norm": 1.1866719722747803, "learning_rate": 0.00029999480201911696, "loss": 2.482738417387009, "seen_sequence_tokens": 1106486, "seen_supervised_tokens": 597178, "supervised_tokens_per_second_since_last_log": 238657.1333238665}
{"elapsed_seconds": 36.76503856293857, "epoch": 1, "global_step": 80, "gradient_norm": 1.761731743812561, "learning_rate": 0.000299694587500167, "loss": 1.5972780644893647, "seen_sequence_tokens": 1474724, "seen_supervised_tokens": 796098, "supervised_tokens_per_second_since_last_log": 259898.18728537616}
{"elapsed_seconds": 37.549566401168704, "epoch": 1, "global_step": 100, "gradient_norm": 1.7811057567596436, "learning_rate": 0.00029893350403233457, "loss": 1.1473543912172317, "seen_sequence_tokens": 1842738, "seen_supervised_tokens": 994711, "supervised_tokens_per_second_since_last_log": 253162.4632314691}
{"elapsed_seconds": 38.34152694046497, "epoch": 1, "global_step": 120, "gradient_norm": 1.4864386320114136, "learning_rate": 0.0002977141557272203, "loss": 0.8717165201902389, "seen_sequence_tokens": 2210724, "seen_supervised_tokens": 1193258, "supervised_tokens_per_second_since_last_log": 250703.14762958704}
{"elapsed_seconds": 39.14195263013244, "epoch": 1, "global_step": 140, "gradient_norm": 1.4774096012115479, "learning_rate": 0.0002960407146884115, "loss": 0.6962959319353104, "seen_sequence_tokens": 2579536, "seen_supervised_tokens": 1392446, "supervised_tokens_per_second_since_last_log": 248852.58253361736}
{"elapsed_seconds": 39.918408961966634, "epoch": 1, "global_step": 160, "gradient_norm": 1.1596715450286865, "learning_rate": 0.0002939189067362761, "loss": 0.5820392489433288, "seen_sequence_tokens": 2947389, "seen_supervised_tokens": 1590820, "supervised_tokens_per_second_since_last_log": 255486.35752816603}
{"elapsed_seconds": 40.71185015514493, "epoch": 1, "global_step": 180, "gradient_norm": 0.764519453048706, "learning_rate": 0.00029135599181658327, "loss": 0.5214099183678627, "seen_sequence_tokens": 3315502, "seen_supervised_tokens": 1789250, "supervised_tokens_per_second_since_last_log": 250087.84734902252}
{"elapsed_seconds": 41.49154511094093, "epoch": 1, "global_step": 200, "gradient_norm": 0.7620805501937866, "learning_rate": 0.00028836073915998293, "loss": 0.4837440297007561, "seen_sequence_tokens": 3683436, "seen_supervised_tokens": 1987820, "supervised_tokens_per_second_since_last_log": 254676.522560386}
{"elapsed_seconds": 42.29689650982618, "epoch": 1, "global_step": 220, "gradient_norm": 0.6763359308242798, "learning_rate": 0.00028494339727734054, "loss": 0.4602691665291786, "seen_sequence_tokens": 4051976, "seen_supervised_tokens": 2186636, "supervised_tokens_per_second_since_last_log": 246868.63433179204}
{"elapsed_seconds": 43.09489069506526, "epoch": 1, "global_step": 240, "gradient_norm": 0.8638095259666443, "learning_rate": 0.00028111565889358766, "loss": 0.44870396703481674, "seen_sequence_tokens": 4420904, "seen_supervised_tokens": 2385950, "supervised_tokens_per_second_since_last_log": 249768.7372750544}
{"elapsed_seconds": 43.88401240296662, "epoch": 1, "global_step": 260, "gradient_norm": 0.5559486746788025, "learning_rate": 0.00027689062094007287, "loss": 0.44342499822378156, "seen_sequence_tokens": 4789096, "seen_supervised_tokens": 2584523, "supervised_tokens_per_second_since_last_log": 251637.98944030813}
{"elapsed_seconds": 44.67498881742358, "epoch": 1, "global_step": 280, "gradient_norm": 0.4531497657299042, "learning_rate": 0.0002722827397423009, "loss": 0.4363636881113052, "seen_sequence_tokens": 5157687, "seen_supervised_tokens": 2783807, "supervised_tokens_per_second_since_last_log": 251946.82971276244}
{"elapsed_seconds": 45.46269886754453, "epoch": 1, "global_step": 300, "gradient_norm": 0.4337235391139984, "learning_rate": 0.0002673077815563894, "loss": 0.4314374104142189, "seen_sequence_tokens": 5525994, "seen_supervised_tokens": 2982843, "supervised_tokens_per_second_since_last_log": 252676.7304409012}
{"elapsed_seconds": 46.249639458954334, "epoch": 1, "global_step": 320, "gradient_norm": 0.34302395582199097, "learning_rate": 0.00026198276862348735, "loss": 0.42869875729084017, "seen_sequence_tokens": 5894183, "seen_supervised_tokens": 3181511, "supervised_tokens_per_second_since_last_log": 252456.16018368895}
{"elapsed_seconds": 47.040499875321984, "epoch": 1, "global_step": 340, "gradient_norm": 0.6793257594108582, "learning_rate": 0.00025632592092673364, "loss": 0.4236913025379181, "seen_sequence_tokens": 6262533, "seen_supervised_tokens": 3380634, "supervised_tokens_per_second_since_last_log": 251780.20783307607}
{"elapsed_seconds": 47.82760773412883, "epoch": 1, "global_step": 360, "gradient_norm": 0.3227590024471283, "learning_rate": 0.00025035659385004073, "loss": 0.4234211385250092, "seen_sequence_tokens": 6630835, "seen_supervised_tokens": 3579653, "supervised_tokens_per_second_since_last_log": 252848.44735470752}
{"epoch": 1, "event": "validation", "global_step": 377, "validation_loss": 0.4181471686114169, "validation_perplexity": 1.519144228298399, "validation_record_count": 24040, "validation_supervised_tokens": 468381}
{"elapsed_seconds": 49.2630305364728, "epoch": 2, "global_step": 380, "gradient_norm": 0.4350205659866333, "learning_rate": 0.0002440952119520077, "loss": 0.4214410275220871, "seen_sequence_tokens": 6994750, "seen_supervised_tokens": 3775980, "supervised_tokens_per_second_since_last_log": 136772.94221563783}
{"elapsed_seconds": 50.057708809152246, "epoch": 2, "global_step": 400, "gradient_norm": 0.37935203313827515, "learning_rate": 0.00023756319908156158, "loss": 0.41581087112426757, "seen_sequence_tokens": 7363600, "seen_supervised_tokens": 3975512, "supervised_tokens_per_second_since_last_log": 251085.25910395168}
{"elapsed_seconds": 50.82765311561525, "epoch": 2, "global_step": 420, "gradient_norm": 0.30215364694595337, "learning_rate": 0.0002307829050744423, "loss": 0.41416274607181547, "seen_sequence_tokens": 7731882, "seen_supervised_tokens": 4174491, "supervised_tokens_per_second_since_last_log": 258432.977982624}
{"elapsed_seconds": 51.61157969199121, "epoch": 2, "global_step": 440, "gradient_norm": 0.30166271328926086, "learning_rate": 0.00022377752928134521, "loss": 0.41278908401727676, "seen_sequence_tokens": 8100440, "seen_supervised_tokens": 4373846, "supervised_tokens_per_second_since_last_log": 254303.1528814911}
{"elapsed_seconds": 52.38251214288175, "epoch": 2, "global_step": 460, "gradient_norm": 0.3275976777076721, "learning_rate": 0.00021657104118937592, "loss": 0.4124267190694809, "seen_sequence_tokens": 8468930, "seen_supervised_tokens": 4572667, "supervised_tokens_per_second_since_last_log": 257896.78430364726}
{"elapsed_seconds": 53.17537088505924, "epoch": 2, "global_step": 480, "gradient_norm": 0.27074986696243286, "learning_rate": 0.00020918809840841864, "loss": 0.41262217015028, "seen_sequence_tokens": 8837379, "seen_supervised_tokens": 4771340, "supervised_tokens_per_second_since_last_log": 250578.0531023341}
{"elapsed_seconds": 53.94531109184027, "epoch": 2, "global_step": 500, "gradient_norm": 0.2947539687156677, "learning_rate": 0.00020165396230303344, "loss": 0.40907119810581205, "seen_sequence_tokens": 9206068, "seen_supervised_tokens": 4970680, "supervised_tokens_per_second_since_last_log": 258903.22163249765}
{"elapsed_seconds": 54.7648209836334, "epoch": 2, "global_step": 520, "gradient_norm": 0.284044474363327, "learning_rate": 0.0001939944115585562, "loss": 0.40941860526800156, "seen_sequence_tokens": 9574064, "seen_supervised_tokens": 5169510, "supervised_tokens_per_second_since_last_log": 242620.62238803395}
{"elapsed_seconds": 55.54680301062763, "epoch": 2, "global_step": 540, "gradient_norm": 0.3015088737010956, "learning_rate": 0.00018623565397714184, "loss": 0.41019030213356017, "seen_sequence_tokens": 9942735, "seen_supervised_tokens": 5368325, "supervised_tokens_per_second_since_last_log": 254244.97384447866}
{"elapsed_seconds": 56.327649956569076, "epoch": 2, "global_step": 560, "gradient_norm": 0.2642768621444702, "learning_rate": 0.0001784042368055471, "loss": 0.40752332508563993, "seen_sequence_tokens": 10310832, "seen_supervised_tokens": 5566873, "supervised_tokens_per_second_since_last_log": 254272.62158349802}
{"elapsed_seconds": 57.12872616201639, "epoch": 2, "global_step": 580, "gradient_norm": 0.2103768140077591, "learning_rate": 0.00017052695590147579, "loss": 0.4074243441224098, "seen_sequence_tokens": 10678406, "seen_supervised_tokens": 5764930, "supervised_tokens_per_second_since_last_log": 247238.65052190155}
{"elapsed_seconds": 57.927553398534656, "epoch": 2, "global_step": 600, "gradient_norm": 0.326054185628891, "learning_rate": 0.00016263076404928026, "loss": 0.4077976614236832, "seen_sequence_tokens": 11046174, "seen_supervised_tokens": 5963124, "supervised_tokens_per_second_since_last_log": 248106.21238184164}
{"elapsed_seconds": 58.70707328990102, "epoch": 2, "global_step": 620, "gradient_norm": 0.23858892917633057, "learning_rate": 0.00015474267873872481, "loss": 0.4042739078402519, "seen_sequence_tokens": 11414063, "seen_supervised_tokens": 6161732, "supervised_tokens_per_second_since_last_log": 254782.46571986095}
{"elapsed_seconds": 59.49888949468732, "epoch": 2, "global_step": 640, "gradient_norm": 0.2500618100166321, "learning_rate": 0.00014688968972235435, "loss": 0.4051922008395195, "seen_sequence_tokens": 11782188, "seen_supervised_tokens": 6360363, "supervised_tokens_per_second_since_last_log": 250854.93173710373}
{"elapsed_seconds": 60.26616850309074, "epoch": 2, "global_step": 660, "gradient_norm": 0.29012104868888855, "learning_rate": 0.00013909866666776823, "loss": 0.40381933748722076, "seen_sequence_tokens": 12150139, "seen_supervised_tokens": 6559280, "supervised_tokens_per_second_since_last_log": 259249.89191860348}
{"elapsed_seconds": 61.054190991446376, "epoch": 2, "global_step": 680, "gradient_norm": 0.2080414593219757, "learning_rate": 0.00013139626722077485, "loss": 0.4032247230410576, "seen_sequence_tokens": 12518451, "seen_supervised_tokens": 6757977, "supervised_tokens_per_second_since_last_log": 252146.3574150279}
{"elapsed_seconds": 61.85336102731526, "epoch": 2, "global_step": 700, "gradient_norm": 0.24283653497695923, "learning_rate": 0.00012380884579399673, "loss": 0.4033573716878891, "seen_sequence_tokens": 12887226, "seen_supervised_tokens": 6957240, "supervised_tokens_per_second_since_last_log": 249337.42640057183}
{"elapsed_seconds": 62.687608011066914, "epoch": 2, "global_step": 720, "gradient_norm": 0.19828565418720245, "learning_rate": 0.00011636236339301386, "loss": 0.4022018685936928, "seen_sequence_tokens": 13256198, "seen_supervised_tokens": 7156397, "supervised_tokens_per_second_since_last_log": 238726.6647394756}
{"elapsed_seconds": 63.45945805311203, "epoch": 2, "global_step": 740, "gradient_norm": 0.2062361240386963, "learning_rate": 0.00010908229878858251, "loss": 0.4016416221857071, "seen_sequence_tokens": 13625555, "seen_supervised_tokens": 7355556, "supervised_tokens_per_second_since_last_log": 258028.10021529894}
{"epoch": 2, "event": "validation", "global_step": 754, "validation_loss": 0.3985294971727913, "validation_perplexity": 1.4896325773602406, "validation_record_count": 24040, "validation_supervised_tokens": 468381}
{"elapsed_seconds": 64.91222945041955, "epoch": 3, "global_step": 760, "gradient_norm": 0.1915311962366104, "learning_rate": 0.00010199356133886098, "loss": 0.40100540816783903, "seen_sequence_tokens": 13989399, "seen_supervised_tokens": 7551803, "supervised_tokens_per_second_since_last_log": 135084.5703348188}
{"elapsed_seconds": 65.70503960736096, "epoch": 3, "global_step": 780, "gradient_norm": 0.17226190865039825, "learning_rate": 9.51204057599295e-05, "loss": 0.3974295347929001, "seen_sequence_tokens": 14357705, "seen_supervised_tokens": 7750441, "supervised_tokens_per_second_since_last_log": 250549.26234336666}
{"elapsed_seconds": 66.49308569543064, "epoch": 3, "global_step": 800, "gradient_norm": 0.1827658712863922, "learning_rate": 8.8486349136223e-05, "loss": 0.3977037355303764, "seen_sequence_tokens": 14725761, "seen_supervised_tokens": 7948942, "supervised_tokens_per_second_since_last_log": 251890.0899390658}
{"elapsed_seconds": 67.27266079187393, "epoch": 3, "global_step": 820, "gradient_norm": 0.18646448850631714, "learning_rate": 8.211409045483319e-05, "loss": 0.3972585767507553, "seen_sequence_tokens": 15093846, "seen_supervised_tokens": 8148013, "supervised_tokens_per_second_since_last_log": 255358.33675066603}
{"elapsed_seconds": 68.05405911058187, "epoch": 3, "global_step": 840, "gradient_norm": 0.2030079960823059, "learning_rate": 7.602543293900014e-05, "loss": 0.3960230514407158, "seen_sequence_tokens": 15462286, "seen_supervised_tokens": 8346899, "supervised_tokens_per_second_since_last_log": 254525.7588074438}
{"elapsed_seconds": 68.84595753625035, "epoch": 3, "global_step": 860, "gradient_norm": 0.16393470764160156, "learning_rate": 7.024120944653583e-05, "loss": 0.39583057165145874, "seen_sequence_tokens": 15831470, "seen_supervised_tokens": 8546184, "supervised_tokens_per_second_since_last_log": 251654.74957444743}
{"elapsed_seconds": 69.6198302898556, "epoch": 3, "global_step": 880, "gradient_norm": 0.1581292450428009, "learning_rate": 6.478121118843505e-05, "loss": 0.39566580057144163, "seen_sequence_tokens": 16200344, "seen_supervised_tokens": 8745359, "supervised_tokens_per_second_since_last_log": 257374.35395173432}
{"elapsed_seconds": 70.40125041082501, "epoch": 3, "global_step": 900, "gradient_norm": 0.17312243580818176, "learning_rate": 5.966412001156936e-05, "loss": 0.39669157564640045, "seen_sequence_tokens": 16568334, "seen_supervised_tokens": 8943875, "supervised_tokens_per_second_since_last_log": 254045.1604365202}
{"elapsed_seconds": 71.16771640256047, "epoch": 3, "global_step": 920, "gradient_norm": 0.18043704330921173, "learning_rate": 5.490744447716448e-05, "loss": 0.3955179020762444, "seen_sequence_tokens": 16936426, "seen_supervised_tokens": 9142430, "supervised_tokens_per_second_since_last_log": 259052.5896007793}
{"elapsed_seconds": 71.97490929812193, "epoch": 3, "global_step": 940, "gradient_norm": 0.1673939824104309, "learning_rate": 5.052745995377385e-05, "loss": 0.39588001668453215, "seen_sequence_tokens": 17304207, "seen_supervised_tokens": 9340460, "supervised_tokens_per_second_since_last_log": 245331.6934389727}
{"elapsed_seconds": 72.76577469334006, "epoch": 3, "global_step": 960, "gradient_norm": 0.1879372000694275, "learning_rate": 4.65391529297254e-05, "loss": 0.3938119009137154, "seen_sequence_tokens": 17672723, "seen_supervised_tokens": 9539581, "supervised_tokens_per_second_since_last_log": 251776.0938889975}
{"elapsed_seconds": 73.55435075238347, "epoch": 3, "global_step": 980, "gradient_norm": 0.15452703833580017, "learning_rate": 4.295616973558161e-05, "loss": 0.3934646636247635, "seen_sequence_tokens": 18041507, "seen_supervised_tokens": 9738754, "supervised_tokens_per_second_since_last_log": 252572.9734194688}
{"elapsed_seconds": 74.34095435030758, "epoch": 3, "global_step": 1000, "gradient_norm": 0.17006395757198334, "learning_rate": 3.979076985206244e-05, "loss": 0.39301265180110934, "seen_sequence_tokens": 18410484, "seen_supervised_tokens": 9938127, "supervised_tokens_per_second_since_last_log": 253460.57471152616}
{"elapsed_seconds": 75.1438482310623, "epoch": 3, "global_step": 1020, "gradient_norm": 0.15729904174804688, "learning_rate": 3.7053783963193054e-05, "loss": 0.3936249643564224, "seen_sequence_tokens": 18779156, "seen_supervised_tokens": 10137263, "supervised_tokens_per_second_since_last_log": 248022.81443821054}
{"elapsed_seconds": 75.97099137306213, "epoch": 3, "global_step": 1040, "gradient_norm": 0.17270143330097198, "learning_rate": 3.4754576898200204e-05, "loss": 0.3924321413040161, "seen_sequence_tokens": 19148123, "seen_supervised_tokens": 10336463, "supervised_tokens_per_second_since_last_log": 240828.93260576457}
{"elapsed_seconds": 76.73907168582082, "epoch": 3, "global_step": 1060, "gradient_norm": 0.15329381823539734, "learning_rate": 3.290101558895523e-05, "loss": 0.3936830163002014, "seen_sequence_tokens": 19516277, "seen_supervised_tokens": 10535483, "supervised_tokens_per_second_since_last_log": 259113.5284866079}
{"elapsed_seconds": 77.52200872637331, "epoch": 3, "global_step": 1080, "gradient_norm": 0.16463130712509155, "learning_rate": 3.14994421525999e-05, "loss": 0.39417438954114914, "seen_sequence_tokens": 19884510, "seen_supervised_tokens": 10734172, "supervised_tokens_per_second_since_last_log": 253773.91758064058}
{"elapsed_seconds": 78.31854227557778, "epoch": 3, "global_step": 1100, "gradient_norm": 0.19286973774433136, "learning_rate": 3.055465219145483e-05, "loss": 0.39376513510942457, "seen_sequence_tokens": 20252310, "seen_supervised_tokens": 10932743, "supervised_tokens_per_second_since_last_log": 249293.95654247224}
{"elapsed_seconds": 79.12980169989169, "epoch": 3, "global_step": 1120, "gradient_norm": 0.1677427887916565, "learning_rate": 3.0069878384459776e-05, "loss": 0.3935340687632561, "seen_sequence_tokens": 20620629, "seen_supervised_tokens": 11131389, "supervised_tokens_per_second_since_last_log": 244861.25405322545}
{"elapsed_seconds": 79.56400628946722, "epoch": 3, "global_step": 1131, "gradient_norm": 0.22743859887123108, "learning_rate": 3e-05, "loss": 0.39407824928110297, "seen_sequence_tokens": 20818398, "seen_supervised_tokens": 11238201, "supervised_tokens_per_second_since_last_log": 245994.636087144}
{"epoch": 3, "event": "validation", "global_step": 1131, "validation_loss": 0.3938796547490914, "validation_perplexity": 1.4827220993741286, "validation_record_count": 24040, "validation_supervised_tokens": 468381}
Traceback (most recent call last):
  File "/home/ono_yusuke/git_project/bokunano/scripts/model/train_boku_nano.py", line 1359, in <module>
    main()
  File "/home/ono_yusuke/git_project/bokunano/scripts/model/train_boku_nano.py", line 1345, in main
    result = train(
             ^^^^^^
  File "/home/ono_yusuke/git_project/bokunano/scripts/model/train_boku_nano.py", line 1304, in train
    model_sha256 = save_final_weights(model_path, model)
                   ^^^^^^^^^^^^^^^^^^^^^^^^^^^^^^^^^^^^^
  File "/home/ono_yusuke/git_project/bokunano/scripts/model/train_boku_nano.py", line 792, in save_final_weights
    save_safetensors(
  File "/home/ono_yusuke/git_project/bokunano/.venv/lib/python3.12/site-packages/safetensors/torch.py", line 324, in save_file
    _flatten_as_ptr(tensors, keep_references_alive), filename, metadata=metadata
    ^^^^^^^^^^^^^^^^^^^^^^^^^^^^^^^^^^^^^^^^^^^^^^^
  File "/home/ono_yusuke/git_project/bokunano/.venv/lib/python3.12/site-packages/safetensors/torch.py", line 582, in _flatten_as_ptr
    arr, tensor_ref = _to_ndarray(v)
                      ^^^^^^^^^^^^^^
  File "/home/ono_yusuke/git_project/bokunano/.venv/lib/python3.12/site-packages/safetensors/torch.py", line 483, in _to_ndarray
    import numpy as np
ModuleNotFoundError: No module named 'numpy'
