{"elapsed_seconds": 34.55445352662355, "epoch": 1, "global_step": 20, "gradient_norm": 2.0067391395568848, "learning_rate": 0.00029999480201911696, "loss": 5.861945176124573, "seen_sequence_tokens": 368962, "seen_supervised_tokens": 198999, "supervised_tokens_per_second_since_last_log": 416337.40144712594}
{"elapsed_seconds": 34.857761149294674, "epoch": 1, "global_step": 40, "gradient_norm": 0.7549925446510315, "learning_rate": 0.0002977141557272203, "loss": 3.0794595003128054, "seen_sequence_tokens": 737762, "seen_supervised_tokens": 397943, "supervised_tokens_per_second_since_last_log": 655914.9362880092}
{"elapsed_seconds": 35.17512503173202, "epoch": 1, "global_step": 60, "gradient_norm": 0.5021148920059204, "learning_rate": 0.00029135599181658327, "loss": 1.8953078806400299, "seen_sequence_tokens": 1106486, "seen_supervised_tokens": 597178, "supervised_tokens_per_second_since_last_log": 627780.9512219195}
{"elapsed_seconds": 35.470581215806305, "epoch": 1, "global_step": 80, "gradient_norm": 0.5911084413528442, "learning_rate": 0.00028111565889358766, "loss": 1.4035001873970032, "seen_sequence_tokens": 1474724, "seen_supervised_tokens": 796098, "supervised_tokens_per_second_since_last_log": 673263.9583200878}
{"elapsed_seconds": 35.77027448359877, "epoch": 1, "global_step": 100, "gradient_norm": 1.2509114742279053, "learning_rate": 0.0002673077815563894, "loss": 1.1142387807369232, "seen_sequence_tokens": 1842738, "seen_supervised_tokens": 994711, "supervised_tokens_per_second_since_last_log": 662720.9261755553}
{"elapsed_seconds": 36.07048075646162, "epoch": 1, "global_step": 120, "gradient_norm": 1.0429211854934692, "learning_rate": 0.00025035659385004073, "loss": 0.9052143007516861, "seen_sequence_tokens": 2210724, "seen_supervised_tokens": 1193258, "supervised_tokens_per_second_since_last_log": 661368.5920237438}
{"elapsed_seconds": 36.37862328067422, "epoch": 1, "global_step": 140, "gradient_norm": 1.1460553407669067, "learning_rate": 0.0002307829050744423, "loss": 0.7542411386966705, "seen_sequence_tokens": 2579536, "seen_supervised_tokens": 1392446, "supervised_tokens_per_second_since_last_log": 646415.1629476914}
{"elapsed_seconds": 36.677766119129956, "epoch": 1, "global_step": 160, "gradient_norm": 1.0077396631240845, "learning_rate": 0.00020918809840841864, "loss": 0.649696233868599, "seen_sequence_tokens": 2947389, "seen_supervised_tokens": 1590820, "supervised_tokens_per_second_since_last_log": 663141.3976816726}
{"elapsed_seconds": 36.978904662653804, "epoch": 1, "global_step": 180, "gradient_norm": 0.5875772833824158, "learning_rate": 0.00018623565397714184, "loss": 0.5858455955982208, "seen_sequence_tokens": 3315502, "seen_supervised_tokens": 1789250, "supervised_tokens_per_second_since_last_log": 658932.5885621338}
{"elapsed_seconds": 37.27671133168042, "epoch": 1, "global_step": 200, "gradient_norm": 0.8377674221992493, "learning_rate": 0.00016263076404928026, "loss": 0.5391447335481644, "seen_sequence_tokens": 3683436, "seen_supervised_tokens": 1987820, "supervised_tokens_per_second_since_last_log": 666774.8598412179}
{"elapsed_seconds": 37.58661225903779, "epoch": 1, "global_step": 220, "gradient_norm": 0.6005948781967163, "learning_rate": 0.00013909866666776823, "loss": 0.510128965973854, "seen_sequence_tokens": 4051976, "seen_supervised_tokens": 2186636, "supervised_tokens_per_second_since_last_log": 641546.9669463969}
{"elapsed_seconds": 37.889088860712945, "epoch": 1, "global_step": 240, "gradient_norm": 0.7154279351234436, "learning_rate": 0.00011636236339301386, "loss": 0.4914904862642288, "seen_sequence_tokens": 4420904, "seen_supervised_tokens": 2385950, "supervised_tokens_per_second_since_last_log": 658940.2251155112}
{"elapsed_seconds": 38.19760357681662, "epoch": 1, "global_step": 260, "gradient_norm": 0.6005545258522034, "learning_rate": 9.51204057599295e-05, "loss": 0.4781931310892105, "seen_sequence_tokens": 4789096, "seen_supervised_tokens": 2584523, "supervised_tokens_per_second_since_last_log": 643641.906317596}
{"elapsed_seconds": 38.502641952596605, "epoch": 1, "global_step": 280, "gradient_norm": 0.4800923764705658, "learning_rate": 7.602543293900014e-05, "loss": 0.4687366560101509, "seen_sequence_tokens": 5157687, "seen_supervised_tokens": 2783807, "supervised_tokens_per_second_since_last_log": 653307.9632699613}
{"elapsed_seconds": 38.80163629632443, "epoch": 1, "global_step": 300, "gradient_norm": 0.4914816915988922, "learning_rate": 5.966412001156936e-05, "loss": 0.46050685197114943, "seen_sequence_tokens": 5525994, "seen_supervised_tokens": 2982843, "supervised_tokens_per_second_since_last_log": 665684.8337612079}
{"elapsed_seconds": 39.10875022597611, "epoch": 1, "global_step": 320, "gradient_norm": 0.47464999556541443, "learning_rate": 4.65391529297254e-05, "loss": 0.45661742985248566, "seen_sequence_tokens": 5894183, "seen_supervised_tokens": 3181511, "supervised_tokens_per_second_since_last_log": 646886.9719628973}
{"elapsed_seconds": 39.41547279804945, "epoch": 1, "global_step": 340, "gradient_norm": 0.45859354734420776, "learning_rate": 3.7053783963193054e-05, "loss": 0.4498052537441254, "seen_sequence_tokens": 6262533, "seen_supervised_tokens": 3380634, "supervised_tokens_per_second_since_last_log": 649195.7818884868}
{"elapsed_seconds": 39.71434148028493, "epoch": 1, "global_step": 360, "gradient_norm": 0.43427225947380066, "learning_rate": 3.14994421525999e-05, "loss": 0.4474366754293442, "seen_sequence_tokens": 6630835, "seen_supervised_tokens": 3579653, "supervised_tokens_per_second_since_last_log": 665907.844580358}
{"elapsed_seconds": 39.96696949098259, "epoch": 1, "global_step": 377, "gradient_norm": 0.5059399604797363, "learning_rate": 3e-05, "loss": 0.445997474824681, "seen_sequence_tokens": 6939466, "seen_supervised_tokens": 3746067, "supervised_tokens_per_second_since_last_log": 658731.3874673976}
{"epoch": 1, "event": "validation", "global_step": 377, "validation_loss": 0.43963397200353116, "validation_perplexity": 1.5521389881994871, "validation_record_count": 24040, "validation_supervised_tokens": 468381}
{
  "completed_at": "2026-10-06T03:05:52Z",
  "config_path": "data/models/architecture_ablation_run_20261006/15m_layers_2_seed20260925/config.yaml",
  "configured_optimizer_steps": 377,
  "dataset": {
    "archive_sha256_after": "799e6dd8be7e80e48df69fed4f70f5922f7a215a8669cf0f523f3de59ae91807",
    "archive_sha256_before": "799e6dd8be7e80e48df69fed4f70f5922f7a215a8669cf0f523f3de59ae91807",
    "archive_unchanged": true,
    "maximum_sequence_length": 94,
    "minimum_sequence_length": 18,
    "record_count": 192900,
    "sequence_token_count_all_epochs": 6939466,
    "sequence_token_count_per_epoch": 6939466,
    "supervised_token_count_all_epochs": 3746067,
    "supervised_token_count_per_epoch": 3746067,
    "unknown_token_count": 0
  },
  "device": "cuda",
  "dtype": "bfloat16",
  "effective_batch_size": 512,
  "effective_optimizer_steps": 377,
  "elapsed_seconds": 40.29586365353316,
  "epochs": 1,
  "global_step": 377,
  "gradient_accumulation_steps": 1,
  "loss_scope": "code_and_eos_only",
  "max_steps_override": null,
  "micro_batch_size": 512,
  "model_config": {
    "context_length": 256,
    "d_ff": 1024,
    "d_model": 384,
    "dropout": 0.0,
    "n_heads": 6,
    "n_layers": 2,
    "rms_norm_eps": 1e-05,
    "rope_base": 10000.0,
    "tie_word_embeddings": false,
    "vocab_size": 2048
  },
  "model_path": "data/models/architecture_ablation_run_20261006/15m_layers_2_seed20260925/model/model.safetensors",
  "model_sha256": "82731d22985b5f8ce0b3c02e1cc1705b3ad12b765c11b75400cf7b13a5c1c3da",
  "parameter_count": 5113728,
  "resume_from": null,
  "seed": 20260925,
  "seen_sequence_tokens": 6939466,
  "seen_supervised_tokens": 3746067,
  "source_archive": "data/archives/final_train_dataset_records_2026-09-25.zip",
  "source_archive_sha256": "799e6dd8be7e80e48df69fed4f70f5922f7a215a8669cf0f523f3de59ae91807",
  "started_at": "2026-10-06T03:05:11Z",
  "status": "completed",
  "tokenizer_path": "data/tokenizers/bpe_2048/tokenizer.json",
  "tokenizer_sha256": "6840a392e8fcae1083be06842774fa912a1797217c7033944ba2d87f1c227293",
  "trainer_version": "1",
  "validation_archive": "data/archives/final_evaluation_dataset_records_2026-09-25.zip",
  "validation_archive_sha256": "5b05b76202920f532cb379481d1cfab4adad74e936bdff518cb8b1750b33f0a1",
  "validation_dataset": {
    "archive_sha256_after": "5b05b76202920f532cb379481d1cfab4adad74e936bdff518cb8b1750b33f0a1",
    "archive_sha256_before": "5b05b76202920f532cb379481d1cfab4adad74e936bdff518cb8b1750b33f0a1",
    "archive_unchanged": true,
    "maximum_sequence_length": 50,
    "minimum_sequence_length": 22,
    "record_count": 24040,
    "sequence_token_count_all_epochs": 851974,
    "sequence_token_count_per_epoch": 851974,
    "supervised_token_count_all_epochs": 468381,
    "supervised_token_count_per_epoch": 468381,
    "unknown_token_count": 0
  },
  "validation_every_steps": null,
  "versions": {
    "numpy": "2.5.3",
    "python": "3.12.12",
    "pyyaml": "6.0.3",
    "safetensors": "0.8.0",
    "tokenizers": "0.21.4",
    "torch": "2.13.0+cu130"
  }
}
