{
  "baseline": {
    "passed": 22,
    "total": 24,
    "teacher_forced_nll": 0.43650605,
    "generated_token_count": 218
  },
  "top_role_rankings": {
    "bos_attention": [
      {
        "id": "L8H2",
        "value": 0.14033316
      },
      {
        "id": "L8H4",
        "value": 0.10210882
      },
      {
        "id": "L8H1",
        "value": 0.09673116
      }
    ],
    "instruction_attention": [
      {
        "id": "L3H1",
        "value": 0.58229077
      },
      {
        "id": "L4H3",
        "value": 0.45139709
      },
      {
        "id": "L3H2",
        "value": 0.43894863
      }
    ],
    "control_attention": [
      {
        "id": "L8H2",
        "value": 0.51465082
      },
      {
        "id": "L8H3",
        "value": 0.49559939
      },
      {
        "id": "L7H1",
        "value": 0.48236048
      }
    ],
    "generated_code_attention": [
      {
        "id": "L8H1",
        "value": 0.36530933
      },
      {
        "id": "L3H4",
        "value": 0.35591015
      },
      {
        "id": "L2H1",
        "value": 0.34216332
      }
    ],
    "previous_token_attention": [
      {
        "id": "L2H1",
        "value": 0.09049491
      },
      {
        "id": "L2H4",
        "value": 0.08815581
      },
      {
        "id": "L4H1",
        "value": 0.08656081
      }
    ],
    "self_attention": [
      {
        "id": "L4H1",
        "value": 0.11451486
      },
      {
        "id": "L4H3",
        "value": 0.09717774
      },
      {
        "id": "L8H1",
        "value": 0.09706785
      }
    ],
    "recent4_attention": [
      {
        "id": "L8H1",
        "value": 0.35932714
      },
      {
        "id": "L3H4",
        "value": 0.33958462
      },
      {
        "id": "L7H1",
        "value": 0.33563238
      }
    ],
    "normalized_entropy": [
      {
        "id": "L1H2",
        "value": 0.99346912
      },
      {
        "id": "L1H4",
        "value": 0.99196309
      },
      {
        "id": "L1H1",
        "value": 0.99071437
      }
    ],
    "bos_value_norm_share": [
      {
        "id": "L8H2",
        "value": 0.14896615
      },
      {
        "id": "L5H4",
        "value": 0.09336418
      },
      {
        "id": "L7H2",
        "value": 0.0925897
      }
    ],
    "bos_projected_norm_share": [
      {
        "id": "L8H2",
        "value": 0.14203736
      },
      {
        "id": "L7H4",
        "value": 0.09789086
      },
      {
        "id": "L5H4",
        "value": 0.09044725
      }
    ],
    "copy_relative": [
      {
        "id": "L8H4",
        "value": 2.00412965
      },
      {
        "id": "L8H3",
        "value": 1.87114787
      },
      {
        "id": "L3H3",
        "value": 1.71165013
      }
    ],
    "induction_like_relative": [
      {
        "id": "L5H2",
        "value": 1.19782484
      },
      {
        "id": "L7H1",
        "value": 1.16380286
      },
      {
        "id": "L7H3",
        "value": 1.15135658
      }
    ]
  },
  "top_head_ablation": [
    {
      "id": "L1H4",
      "layer": 1,
      "head": 4,
      "baseline_nll": 0.43650605,
      "ablated_nll": 0.68221228,
      "delta_nll": 0.24570623,
      "mean_kl_divergence": 0.24900627,
      "argmax_changed_tokens": 32,
      "argmax_changed_rate": 0.14678899
    },
    {
      "id": "L1H3",
      "layer": 1,
      "head": 3,
      "baseline_nll": 0.43650605,
      "ablated_nll": 0.607793,
      "delta_nll": 0.17128695,
      "mean_kl_divergence": 0.16259865,
      "argmax_changed_tokens": 24,
      "argmax_changed_rate": 0.11009174
    },
    {
      "id": "L3H1",
      "layer": 3,
      "head": 1,
      "baseline_nll": 0.43650605,
      "ablated_nll": 0.50782158,
      "delta_nll": 0.07131553,
      "mean_kl_divergence": 0.05478709,
      "argmax_changed_tokens": 21,
      "argmax_changed_rate": 0.09633028
    }
  ],
  "low_head_ablation": [
    {
      "id": "L7H2",
      "layer": 7,
      "head": 2,
      "baseline_nll": 0.43650605,
      "ablated_nll": 0.43663754,
      "delta_nll": 0.00013149,
      "mean_kl_divergence": 0.00011041,
      "argmax_changed_tokens": 1,
      "argmax_changed_rate": 0.00458716
    },
    {
      "id": "L8H1",
      "layer": 8,
      "head": 1,
      "baseline_nll": 0.43650605,
      "ablated_nll": 0.43675787,
      "delta_nll": 0.00025182,
      "mean_kl_divergence": 0.00017022,
      "argmax_changed_tokens": 1,
      "argmax_changed_rate": 0.00458716
    },
    {
      "id": "L7H1",
      "layer": 7,
      "head": 1,
      "baseline_nll": 0.43650605,
      "ablated_nll": 0.43696341,
      "delta_nll": 0.00045736,
      "mean_kl_divergence": 0.00012064,
      "argmax_changed_tokens": 4,
      "argmax_changed_rate": 0.01834862
    }
  ],
  "correlations": {
    "bos_attention": {
      "pearson": -0.22049227,
      "spearman": -0.68291789
    },
    "instruction_attention": {
      "pearson": 0.28626028,
      "spearman": 0.54178886
    },
    "previous_token_attention": {
      "pearson": -0.00352244,
      "spearman": 0.10007331
    },
    "recent4_attention": {
      "pearson": -0.2606293,
      "spearman": -0.17558651
    },
    "induction_like_relative": {
      "pearson": 0.36646107,
      "spearman": 0.32221408
    }
  },
  "causal_generation": [
    {
      "name": "baseline",
      "passed": 22,
      "total": 24,
      "same_code_count": 24
    },
    {
      "name": "zero_bos_values",
      "passed": 12,
      "total": 24,
      "same_code_count": 2
    },
    {
      "name": "zero_instruction_values",
      "passed": 0,
      "total": 24,
      "same_code_count": 0
    },
    {
      "name": "ablate_L1H4",
      "passed": 11,
      "total": 24,
      "same_code_count": 3
    },
    {
      "name": "ablate_L1H3",
      "passed": 15,
      "total": 24,
      "same_code_count": 8
    },
    {
      "name": "ablate_L3H1",
      "passed": 14,
      "total": 24,
      "same_code_count": 7
    },
    {
      "name": "ablate_L7H2",
      "passed": 22,
      "total": 24,
      "same_code_count": 23
    },
    {
      "name": "ablate_L8H1",
      "passed": 22,
      "total": 24,
      "same_code_count": 23
    },
    {
      "name": "ablate_L7H1",
      "passed": 22,
      "total": 24,
      "same_code_count": 20
    }
  ],
  "metrics": "docs/results/attention_ablation_20261006/heads_4_dim64/interpretability.json"
}
