{"elapsed_seconds": 34.42369442246854, "epoch": 1, "global_step": 20, "gradient_norm": 3.4353394508361816, "learning_rate": 0.00029999480201911696, "loss": 5.689095091819763, "seen_sequence_tokens": 368962, "seen_supervised_tokens": 198999, "supervised_tokens_per_second_since_last_log": 305687.12869990466}
{"elapsed_seconds": 34.89713290985674, "epoch": 1, "global_step": 40, "gradient_norm": 1.5797470808029175, "learning_rate": 0.0002977141557272203, "loss": 2.9725977897644045, "seen_sequence_tokens": 737762, "seen_supervised_tokens": 397943, "supervised_tokens_per_second_since_last_log": 420210.8727947097}
{"elapsed_seconds": 35.395708926953375, "epoch": 1, "global_step": 60, "gradient_norm": 0.8281001448631287, "learning_rate": 0.00029135599181658327, "loss": 1.8076598525047303, "seen_sequence_tokens": 1106486, "seen_supervised_tokens": 597178, "supervised_tokens_per_second_since_last_log": 399608.0701197916}
{"elapsed_seconds": 35.85537721309811, "epoch": 1, "global_step": 80, "gradient_norm": 1.2226704359054565, "learning_rate": 0.00028111565889358766, "loss": 1.3296269297599792, "seen_sequence_tokens": 1474724, "seen_supervised_tokens": 796098, "supervised_tokens_per_second_since_last_log": 432746.84374759556}
{"elapsed_seconds": 36.324290588498116, "epoch": 1, "global_step": 100, "gradient_norm": 1.0956114530563354, "learning_rate": 0.0002673077815563894, "loss": 1.0251679182052613, "seen_sequence_tokens": 1842738, "seen_supervised_tokens": 994711, "supervised_tokens_per_second_since_last_log": 423560.1081555268}
{"elapsed_seconds": 36.80082937143743, "epoch": 1, "global_step": 120, "gradient_norm": 1.5727441310882568, "learning_rate": 0.00025035659385004073, "loss": 0.8228244245052337, "seen_sequence_tokens": 2210724, "seen_supervised_tokens": 1193258, "supervised_tokens_per_second_since_last_log": 416643.9482120474}
{"elapsed_seconds": 37.27942403405905, "epoch": 1, "global_step": 140, "gradient_norm": 1.2512397766113281, "learning_rate": 0.0002307829050744423, "loss": 0.685351750254631, "seen_sequence_tokens": 2579536, "seen_supervised_tokens": 1392446, "supervised_tokens_per_second_since_last_log": 416193.5256630315}
{"elapsed_seconds": 37.74504629243165, "epoch": 1, "global_step": 160, "gradient_norm": 0.9470666646957397, "learning_rate": 0.00020918809840841864, "loss": 0.5893741399049759, "seen_sequence_tokens": 2947389, "seen_supervised_tokens": 1590820, "supervised_tokens_per_second_since_last_log": 426040.629357661}
{"elapsed_seconds": 38.22281706426293, "epoch": 1, "global_step": 180, "gradient_norm": 0.7379738688468933, "learning_rate": 0.00018623565397714184, "loss": 0.5316875040531158, "seen_sequence_tokens": 3315502, "seen_supervised_tokens": 1789250, "supervised_tokens_per_second_since_last_log": 415324.69481007947}
{"elapsed_seconds": 38.687126158736646, "epoch": 1, "global_step": 200, "gradient_norm": 0.6081792116165161, "learning_rate": 0.00016263076404928026, "loss": 0.4935342639684677, "seen_sequence_tokens": 3683436, "seen_supervised_tokens": 1987820, "supervised_tokens_per_second_since_last_log": 427667.69456685556}
{"elapsed_seconds": 39.174552857875824, "epoch": 1, "global_step": 220, "gradient_norm": 0.5557478070259094, "learning_rate": 0.00013909866666776823, "loss": 0.472571474313736, "seen_sequence_tokens": 4051976, "seen_supervised_tokens": 2186636, "supervised_tokens_per_second_since_last_log": 407889.02280305926}
{"elapsed_seconds": 39.65180741902441, "epoch": 1, "global_step": 240, "gradient_norm": 0.5478850603103638, "learning_rate": 0.00011636236339301386, "loss": 0.4583079919219017, "seen_sequence_tokens": 4420904, "seen_supervised_tokens": 2385950, "supervised_tokens_per_second_since_last_log": 417626.1815504105}
{"elapsed_seconds": 40.12955770175904, "epoch": 1, "global_step": 260, "gradient_norm": 0.5249830484390259, "learning_rate": 9.51204057599295e-05, "loss": 0.4482524484395981, "seen_sequence_tokens": 4789096, "seen_supervised_tokens": 2584523, "supervised_tokens_per_second_since_last_log": 415641.82623476925}
{"elapsed_seconds": 40.60136023070663, "epoch": 1, "global_step": 280, "gradient_norm": 0.47611141204833984, "learning_rate": 7.602543293900014e-05, "loss": 0.44158965945243833, "seen_sequence_tokens": 5157687, "seen_supervised_tokens": 2783807, "supervised_tokens_per_second_since_last_log": 422388.5794858396}
{"elapsed_seconds": 41.076797801069915, "epoch": 1, "global_step": 300, "gradient_norm": 0.5235874652862549, "learning_rate": 5.966412001156936e-05, "loss": 0.4356636077165604, "seen_sequence_tokens": 5525994, "seen_supervised_tokens": 2982843, "supervised_tokens_per_second_since_last_log": 418637.50870154426}
{"elapsed_seconds": 41.545816010795534, "epoch": 1, "global_step": 320, "gradient_norm": 0.4390181601047516, "learning_rate": 4.65391529297254e-05, "loss": 0.4324901908636093, "seen_sequence_tokens": 5894183, "seen_supervised_tokens": 3181511, "supervised_tokens_per_second_since_last_log": 423582.700800089}
{"elapsed_seconds": 42.020353524014354, "epoch": 1, "global_step": 340, "gradient_norm": 0.4502917528152466, "learning_rate": 3.7053783963193054e-05, "loss": 0.42728100121021273, "seen_sequence_tokens": 6262533, "seen_supervised_tokens": 3380634, "supervised_tokens_per_second_since_last_log": 419614.8764917134}
{"elapsed_seconds": 42.48592707980424, "epoch": 1, "global_step": 360, "gradient_norm": 0.43435609340667725, "learning_rate": 3.14994421525999e-05, "loss": 0.4253787875175476, "seen_sequence_tokens": 6630835, "seen_supervised_tokens": 3579653, "supervised_tokens_per_second_since_last_log": 427470.5844543644}
{"elapsed_seconds": 42.877253846265376, "epoch": 1, "global_step": 377, "gradient_norm": 0.517158567905426, "learning_rate": 3e-05, "loss": 0.4247092937721926, "seen_sequence_tokens": 6939466, "seen_supervised_tokens": 3746067, "supervised_tokens_per_second_since_last_log": 425255.858434943}
{"epoch": 1, "event": "validation", "global_step": 377, "validation_loss": 0.41986821956816917, "validation_perplexity": 1.5217610040822787, "validation_record_count": 24040, "validation_supervised_tokens": 468381}
{
  "completed_at": "2026-10-06T03:06:45Z",
  "config_path": "data/models/architecture_ablation_run_20261006/15m_layers_4_seed20260925/config.yaml",
  "configured_optimizer_steps": 377,
  "dataset": {
    "archive_sha256_after": "799e6dd8be7e80e48df69fed4f70f5922f7a215a8669cf0f523f3de59ae91807",
    "archive_sha256_before": "799e6dd8be7e80e48df69fed4f70f5922f7a215a8669cf0f523f3de59ae91807",
    "archive_unchanged": true,
    "maximum_sequence_length": 94,
    "minimum_sequence_length": 18,
    "record_count": 192900,
    "sequence_token_count_all_epochs": 6939466,
    "sequence_token_count_per_epoch": 6939466,
    "supervised_token_count_all_epochs": 3746067,
    "supervised_token_count_per_epoch": 3746067,
    "unknown_token_count": 0
  },
  "device": "cuda",
  "dtype": "bfloat16",
  "effective_batch_size": 512,
  "effective_optimizer_steps": 377,
  "elapsed_seconds": 43.33674186933786,
  "epochs": 1,
  "global_step": 377,
  "gradient_accumulation_steps": 1,
  "loss_scope": "code_and_eos_only",
  "max_steps_override": null,
  "micro_batch_size": 512,
  "model_config": {
    "context_length": 256,
    "d_ff": 1024,
    "d_model": 384,
    "dropout": 0.0,
    "n_heads": 6,
    "n_layers": 4,
    "rms_norm_eps": 1e-05,
    "rope_base": 10000.0,
    "tie_word_embeddings": false,
    "vocab_size": 2048
  },
  "model_path": "data/models/architecture_ablation_run_20261006/15m_layers_4_seed20260925/model/model.safetensors",
  "model_sha256": "2d734ce0fdde2e8e4091791261f752c2b52c90a48f602fd133b4ea0a610cb29a",
  "parameter_count": 8654208,
  "resume_from": null,
  "seed": 20260925,
  "seen_sequence_tokens": 6939466,
  "seen_supervised_tokens": 3746067,
  "source_archive": "data/archives/final_train_dataset_records_2026-09-25.zip",
  "source_archive_sha256": "799e6dd8be7e80e48df69fed4f70f5922f7a215a8669cf0f523f3de59ae91807",
  "started_at": "2026-10-06T03:06:01Z",
  "status": "completed",
  "tokenizer_path": "data/tokenizers/bpe_2048/tokenizer.json",
  "tokenizer_sha256": "6840a392e8fcae1083be06842774fa912a1797217c7033944ba2d87f1c227293",
  "trainer_version": "1",
  "validation_archive": "data/archives/final_evaluation_dataset_records_2026-09-25.zip",
  "validation_archive_sha256": "5b05b76202920f532cb379481d1cfab4adad74e936bdff518cb8b1750b33f0a1",
  "validation_dataset": {
    "archive_sha256_after": "5b05b76202920f532cb379481d1cfab4adad74e936bdff518cb8b1750b33f0a1",
    "archive_sha256_before": "5b05b76202920f532cb379481d1cfab4adad74e936bdff518cb8b1750b33f0a1",
    "archive_unchanged": true,
    "maximum_sequence_length": 50,
    "minimum_sequence_length": 22,
    "record_count": 24040,
    "sequence_token_count_all_epochs": 851974,
    "sequence_token_count_per_epoch": 851974,
    "supervised_token_count_all_epochs": 468381,
    "supervised_token_count_per_epoch": 468381,
    "unknown_token_count": 0
  },
  "validation_every_steps": null,
  "versions": {
    "numpy": "2.5.3",
    "python": "3.12.12",
    "pyyaml": "6.0.3",
    "safetensors": "0.8.0",
    "tokenizers": "0.21.4",
    "torch": "2.13.0+cu130"
  }
}
